
> philipandsophy@0.1.0 test:matching
> tsx src/scripts/test-ai-matching.ts

[dotenv@17.2.3] injecting env (10) from .env.local -- tip: ⚙️  write to custom object with { processEnv: myObject }
🧪 AI 매칭 시스템 테스트 시작...

📅 날짜: 2025-10-10
❓ 오늘의 질문: 현재의 직업을 선택한 이유와 이 직업이 주는 매력은 무엇인가요?

📝 테스트 제출 데이터 생성 중...

✅ 5개의 테스트 제출 데이터 생성 완료

🧠 AI 분석 중...

✨ 매칭 결과:
   비슷한 가치관 (파란색): 1, 5
   반대 가치관 (노란색): 2, 4

💾 Firebase에 매칭 결과 저장 완료

🎉 AI 매칭 테스트 완료!

✅ 테스트 완료
